
== SET_A tuned-9: 9 coins, 5.0 years  (daily engine vs minute engine, real fees) ==
dca d5 SO5 F1          daily   +12.1% dd   -6.7% ( 1282 trips) | MINUTE   +13.1% dd   -3.4% ( 1459 trips, 0.80/day) [55s]
dca d3 SO5 F1          daily   +25.4% dd   -7.7% ( 1416 trips) | MINUTE   +27.7% dd   -6.3% ( 1662 trips, 0.92/day) [50s]
grid L8 s6 F1          daily    +4.8% dd   -4.3% (  245 trips) | MINUTE    +9.6% dd   -4.1% (  353 trips, 0.19/day) [101s]
quick27 (tp2 limit)    daily    +6.4% dd   -8.5% ( 2455 trips) | MINUTE    +8.7% dd  -11.0% ( 3733 trips, 2.06/day) [110s]
quick27 F1 (tp3)       daily   +18.7% dd   -8.8% ( 1374 trips) | MINUTE   +23.0% dd   -4.2% ( 1629 trips, 0.90/day) [59s]
grid L8 s3 F1          daily    -4.3% dd  -10.7% (  690 trips) | MINUTE    +5.3% dd   -7.2% ( 1197 trips, 0.66/day) [104s]
grid L6 s2 F1          daily   -28.2% dd  -28.9% (  767 trips) | MINUTE   -23.0% dd  -24.1% ( 1504 trips, 0.83/day) [83s]
dca d2 SO4 tp2 F1      daily   -39.9% dd  -46.0% ( 1594 trips) | MINUTE   -51.9% dd  -56.9% ( 1891 trips, 1.04/day) [40s]

== SET_B unseen-18: 18 coins, 5.0 years  (daily engine vs minute engine, real fees) ==
Traceback (most recent call last):
  File "/home/kierr/market_coach/minute_lab.py", line 55, in <module>
    main()
  File "/home/kierr/market_coach/minute_lab.py", line 49, in main
    eq, _, ctx = tm.run(bl.make_bot(kind, dict(p), ok_tm), coins, first, last, cash=100.0, store=store)
                 ^^^^^^^^^^^^^^^^^^^^^^^^^^^^^^^^^^^^^^^^^^^^^^^^^^^^^^^^^^^^^^^^^^^^^^^^^^^^^^^^^^^^^^
  File "/home/kierr/market_coach/marketcoach/time_machine.py", line 129, in run
    ctx._sell(c, od.units, od.price, maker, max(0, di - 1)); del ctx.orders[oid]; ctx.stats["limit_fills"] += 1
                                                                 ~~~~~~~~~~^^^^^
KeyError: 8205
