unseen 18 coins, 5y: minute engine at different fill strictness (through = how far price must trade beyond the limit)
dca d5 SO5 F1          through 0.01%:   +13.6% dd   -4.8% ( 3254 trips) [133s]
dca d5 SO5 F1          through 0.05%:   +12.6% dd   -5.5% ( 3213 trips) [134s]
dca d5 SO5 F1          through 0.10%:   +12.1% dd   -6.2% ( 3182 trips) [135s]
dca d5 SO5 F1          through 0.20%:   +11.5% dd   -6.2% ( 3109 trips) [138s]
dca d3 SO5 F1          through 0.01%:   +19.6% dd  -13.0% ( 3648 trips) [120s]
dca d3 SO5 F1          through 0.05%:   +20.8% dd  -13.1% ( 3612 trips) [122s]
dca d3 SO5 F1          through 0.10%:   +20.0% dd  -13.1% ( 3541 trips) [123s]
dca d3 SO5 F1          through 0.20%:   +16.3% dd  -14.3% ( 3445 trips) [124s]
grid L8 s6 F1          through 0.01%:   +15.3% dd   -3.8% ( 1087 trips) [316s]
grid L8 s6 F1          through 0.05%:   +14.3% dd   -3.8% ( 1067 trips) [315s]
grid L8 s6 F1          through 0.10%:   +13.7% dd   -3.8% ( 1053 trips) [315s]
grid L8 s6 F1          through 0.20%:   +13.1% dd   -3.9% ( 1028 trips) [317s]
quick27 F1 (tp3)       through 0.01%:   +26.1% dd   -8.7% ( 3553 trips) [147s]
quick27 F1 (tp3)       through 0.05%:   +26.7% dd   -9.0% ( 3520 trips) [148s]
quick27 F1 (tp3)       through 0.10%:   +25.7% dd   -9.3% ( 3456 trips) [149s]
quick27 F1 (tp3)       through 0.20%:   +24.1% dd  -10.1% ( 3378 trips) [150s]
quick27 (tp2 limit)    through 0.01%:   +13.0% dd   -7.8% ( 8599 trips) [262s]
quick27 (tp2 limit)    through 0.05%:   +12.8% dd   -7.8% ( 8375 trips) [268s]
quick27 (tp2 limit)    through 0.10%:   +11.9% dd   -7.8% ( 8132 trips) [274s]
quick27 (tp2 limit)    through 0.20%:    +7.3% dd   -9.4% ( 7699 trips) [285s]
