[krakenmoon] [PAPER (real account connected)] equity $50.00 (+0.0%)  holding 0/4: all cash
[krakenmoon] [PAPER (real account connected)] equity $50.00 (+0.0%)  holding 0/4: all cash
[krakenmoon] [PAPER (real account connected)] equity $50.00 (+0.0%)  holding 0/4: all cash
[krakenmoon] [PAPER (real account connected)] equity $50.00 (+0.0%)  holding 0/4: all cash
[krakenmoon] [PAPER (real account connected)] equity $50.00 (+0.0%)  holding 0/4: all cash
[krakenmoon] [PAPER (real account connected)] equity $50.00 (+0.0%)  holding 0/4: all cash
[krakenmoon] [PAPER (real account connected)] equity $50.00 (+0.0%)  holding 0/4: all cash
[krakenmoon] [PAPER (real account connected)] equity $50.00 (+0.0%)  holding 0/4: all cash
[krakenmoon] [PAPER (real account connected)] equity $50.00 (+0.0%)  holding 0/4: all cash
[krakenmoon] [PAPER (real account connected)] equity $50.00 (+0.0%)  holding 0/4: all cash
[krakenmoon] [PAPER (real account connected)] equity $50.00 (+0.0%)  holding 0/4: all cash
[krakenmoon] [PAPER (real account connected)] equity $50.00 (+0.0%)  holding 0/4: all cash
[krakenmoon] [PAPER (real account connected)] equity $50.00 (+0.0%)  holding 0/4: all cash
[krakenmoon] [PAPER (real account connected)] equity $50.00 (+0.0%)  holding 0/4: all cash
[krakenmoon] [PAPER (real account connected)] equity $50.00 (+0.0%)  holding 0/4: all cash
[krakenmoon] [PAPER (real account connected)] equity $50.00 (+0.0%)  holding 0/4: all cash
[krakenmoon] [PAPER (real account connected)] equity $50.00 (+0.0%)  holding 0/4: all cash
[krakenmoon] [PAPER (real account connected)] equity $50.00 (+0.0%)  holding 0/4: all cash
[krakenmoon] [PAPER (real account connected)] equity $50.00 (+0.0%)  holding 0/4: all cash
[krakenmoon] [PAPER (real account connected)] equity $50.00 (+0.0%)  holding 0/4: all cash
[krakenmoon] [PAPER (real account connected)] equity $50.00 (+0.0%)  holding 0/4: all cash
[krakenmoon] [PAPER (real account connected)] equity $50.00 (+0.0%)  holding 0/4: all cash
[krakenmoon] [PAPER (real account connected)] equity $50.00 (+0.0%)  holding 0/4: all cash
[krakenmoon] [PAPER (real account connected)] equity $50.00 (+0.0%)  holding 0/4: all cash
[krakenmoon] [PAPER (real account connected)] equity $50.00 (+0.0%)  holding 0/4: all cash
[krakenmoon] [PAPER (real account connected)] equity $50.00 (+0.0%)  holding 0/4: all cash
[krakenmoon] [PAPER (real account connected)] equity $50.00 (+0.0%)  holding 0/4: all cash
[krakenmoon] [PAPER (real account connected)] equity $50.00 (+0.0%)  holding 0/4: all cash
[krakenmoon] [PAPER (real account connected)] equity $50.00 (+0.0%)  holding 0/4: all cash
[krakenmoon] [PAPER (real account connected)] equity $50.00 (+0.0%)  holding 0/4: all cash
[krakenmoon] [PAPER (real account connected)] equity $50.00 (+0.0%)  holding 0/4: all cash
[krakenmoon] [PAPER (real account connected)] equity $50.00 (+0.0%)  holding 0/4: all cash
[krakenmoon] [PAPER (real account connected)] equity $50.00 (+0.0%)  holding 0/4: all cash
[krakenmoon] [PAPER (real account connected)] equity $50.00 (+0.0%)  holding 0/4: all cash
[krakenmoon] [PAPER (real account connected)] equity $50.00 (+0.0%)  holding 0/4: all cash
[krakenmoon] [PAPER (real account connected)] equity $50.00 (+0.0%)  holding 0/4: all cash
[krakenmoon] [PAPER (real account connected)] equity $50.00 (+0.0%)  holding 0/4: all cash
[krakenmoon] [PAPER (real account connected)] equity $50.00 (+0.0%)  holding 0/4: all cash
[krakenmoon] [PAPER (real account connected)] equity $50.00 (+0.0%)  holding 0/4: all cash
[krakenmoon] [PAPER (real account connected)] equity $50.00 (+0.0%)  holding 0/4: all cash
[krakenmoon] [PAPER (real account connected)] equity $50.00 (+0.0%)  holding 0/4: all cash
[krakenmoon] [PAPER (real account connected)] equity $50.00 (+0.0%)  holding 0/4: all cash
[krakenmoon] [PAPER (real account connected)] equity $50.00 (+0.0%)  holding 0/4: all cash
[krakenmoon] [PAPER (real account connected)] equity $50.00 (+0.0%)  holding 0/4: all cash
[krakenmoon] [PAPER (real account connected)] equity $50.00 (+0.0%)  holding 0/4: all cash
[krakenmoon] [PAPER (real account connected)] equity $50.00 (+0.0%)  holding 0/4: all cash
    loss today: $0.00
[krakenmoon] [PAPER (real account connected)] equity $50.00 (+0.0%)  holding 0/4: all cash
    loss today: $0.00
[krakenmoon] [PAPER (real account connected)] equity $50.00 (+0.0%)  holding 0/4: all cash
    loss today: $0.00
[krakenmoon] [PAPER (real account connected)] equity $50.00 (+0.0%)  holding 0/4: all cash
    loss today: $0.00
[krakenmoon] [PAPER (real account connected)] equity $50.00 (+0.0%)  holding 0/4: all cash
    loss today: $0.00
[krakenmoon] [PAPER (real account connected)] equity $50.00 (+0.0%)  holding 0/4: all cash
    loss today: $0.00
[krakenmoon] [PAPER (real account connected)] equity $50.00 (+0.0%)  holding 0/4: all cash
    loss today: $0.00
[krakenmoon] [PAPER (real account connected)] equity $50.00 (+0.0%)  holding 0/4: all cash
    loss today: $0.00
[krakenmoon] [PAPER (real account connected)] equity $50.00 (+0.0%)  holding 0/4: all cash
    loss today: $0.00
[krakenmoon] [PAPER (real account connected)] equity $50.00 (+0.0%)  holding 0/4: all cash
    loss today: $0.00
[krakenmoon] [PAPER (real account connected)] equity $50.00 (+0.0%)  holding 0/4: all cash
    loss today: $0.00
[krakenmoon] [PAPER (real account connected)] equity $50.00 (+0.0%)  holding 0/4: all cash
    loss today: $0.00
[krakenmoon] [PAPER (real account connected)] equity $50.00 (+0.0%)  holding 0/4: all cash
    loss today: $0.00
[krakenmoon] [PAPER (real account connected)] equity $50.00 (+0.0%)  holding 0/4: all cash
    loss today: $0.00
[krakenmoon] [PAPER (real account connected)] equity $50.00 (+0.0%)  holding 0/4: all cash
    loss today: $0.00
[krakenmoon] [PAPER (real account connected)] equity $50.00 (+0.0%)  holding 0/4: all cash
    loss today: $0.00
[krakenmoon] [PAPER (real account connected)] equity $50.00 (+0.0%)  holding 0/4: all cash
    loss today: $0.00
[krakenmoon] [PAPER (real account connected)] equity $50.09 (+0.2%)  holding 1/4: NEAR-USD(+1%)
    loss today: $0.00
[krakenmoon] [PAPER (real account connected)] equity $50.21 (+0.4%)  holding 1/4: NEAR-USD(+3%)
    loss today: $0.00
    [DRY] BUY 21.92730380 ARBUSD (market)
    [DRY] BUY 0.98450461 UNIUSD (market)
    [DRY] BUY 81.13152829 OPUSD (market)
[krakenmoon] [PAPER (real account connected)] equity $49.88 (-0.2%)  holding 4/4: NEAR-USD(+0%), ARB-USD(-1%), UNI-USD(-1%), OP-USD(-1%)
    loss today: $0.00
[krakenmoon] [PAPER (real account connected)] equity $49.81 (-0.4%)  holding 4/4: NEAR-USD(+2%), ARB-USD(-3%), UNI-USD(-1%), OP-USD(-1%)
    loss today: $0.00
[krakenmoon] [PAPER (real account connected)] equity $50.31 (+0.6%)  holding 4/4: NEAR-USD(+3%), ARB-USD(-4%), UNI-USD(+1%), OP-USD(+1%)
    loss today: $0.00
[krakenmoon] [PAPER (real account connected)] equity $50.33 (+0.7%)  holding 4/4: NEAR-USD(+2%), ARB-USD(-5%), UNI-USD(+1%), OP-USD(+3%)
    loss today: $0.00
[krakenmoon] [PAPER (real account connected)] equity $50.42 (+0.8%)  holding 4/4: NEAR-USD(+1%), ARB-USD(-5%), UNI-USD(-1%), OP-USD(+7%)
    loss today: $0.00
[krakenmoon] [PAPER (real account connected)] equity $50.15 (+0.3%)  holding 4/4: NEAR-USD(-0%), ARB-USD(-6%), UNI-USD(+1%), OP-USD(+4%)
    loss today: $0.00
[krakenmoon] [PAPER (real account connected)] equity $49.74 (-0.5%)  holding 4/4: NEAR-USD(-2%), ARB-USD(-5%), UNI-USD(+1%), OP-USD(+1%)
    loss today: $0.00
[krakenmoon] [PAPER (real account connected)] equity $50.14 (+0.3%)  holding 4/4: NEAR-USD(-1%), ARB-USD(-4%), UNI-USD(+3%), OP-USD(+2%)
    loss today: $0.00
[krakenmoon] [PAPER (real account connected)] equity $50.31 (+0.6%)  holding 4/4: NEAR-USD(-0%), ARB-USD(-5%), UNI-USD(+4%), OP-USD(+2%)
    loss today: $0.00
[krakenmoon] [PAPER (real account connected)] equity $50.00 (+0.0%)  holding 4/4: NEAR-USD(-2%), ARB-USD(-5%), UNI-USD(+3%), OP-USD(+1%)
    loss today: $0.00
[krakenmoon] [PAPER (real account connected)] equity $50.24 (+0.5%)  holding 4/4: NEAR-USD(-0%), ARB-USD(-5%), UNI-USD(+3%), OP-USD(+3%)
    loss today: $0.00
[krakenmoon] [PAPER (real account connected)] equity $50.12 (+0.2%)  holding 4/4: NEAR-USD(-2%), ARB-USD(-6%), UNI-USD(+2%), OP-USD(+4%)
    loss today: $0.00
[krakenmoon] [PAPER (real account connected)] equity $50.03 (+0.1%)  holding 4/4: NEAR-USD(-2%), ARB-USD(-6%), UNI-USD(+2%), OP-USD(+3%)
    loss today: $0.00
[krakenmoon] [PAPER (real account connected)] equity $49.68 (-0.6%)  holding 4/4: NEAR-USD(-4%), ARB-USD(-7%), UNI-USD(+1%), OP-USD(+2%)
    loss today: $0.00
[krakenmoon] [PAPER (real account connected)] equity $49.87 (-0.3%)  holding 4/4: NEAR-USD(-3%), ARB-USD(-7%), UNI-USD(+1%), OP-USD(+4%)
    loss today: $0.00
[krakenmoon] [PAPER (real account connected)] equity $49.61 (-0.8%)  holding 4/4: NEAR-USD(-4%), ARB-USD(-7%), UNI-USD(-0%), OP-USD(+3%)
    loss today: $0.00
[krakenmoon] [PAPER (real account connected)] equity $49.53 (-0.9%)  holding 4/4: NEAR-USD(-3%), ARB-USD(-8%), UNI-USD(-0%), OP-USD(+2%)
    loss today: $0.00
[krakenmoon] [PAPER (real account connected)] equity $49.39 (-1.2%)  holding 4/4: NEAR-USD(-2%), ARB-USD(-8%), UNI-USD(-2%), OP-USD(+1%)
    loss today: $0.00
[krakenmoon] [PAPER (real account connected)] equity $49.13 (-1.7%)  holding 4/4: NEAR-USD(-2%), ARB-USD(-9%), UNI-USD(-3%), OP-USD(+1%)
    loss today: $0.00
[krakenmoon] [PAPER (real account connected)] equity $49.12 (-1.8%)  holding 4/4: NEAR-USD(-5%), ARB-USD(-8%), UNI-USD(-3%), OP-USD(+2%)
    loss today: $0.00
[krakenmoon] [PAPER (real account connected)] equity $49.23 (-1.5%)  holding 4/4: NEAR-USD(-4%), ARB-USD(-8%), UNI-USD(-3%), OP-USD(+2%)
    loss today: $0.00
[krakenmoon] [PAPER (real account connected)] equity $48.76 (-2.5%)  holding 4/4: NEAR-USD(-5%), ARB-USD(-9%), UNI-USD(-4%), OP-USD(-0%)
    loss today: $0.00
[krakenmoon] [PAPER (real account connected)] equity $48.66 (-2.7%)  holding 4/4: NEAR-USD(-4%), ARB-USD(-9%), UNI-USD(-4%), OP-USD(-2%)
    loss today: $0.00
[krakenmoon] [PAPER (real account connected)] equity $49.05 (-1.9%)  holding 4/4: NEAR-USD(-4%), ARB-USD(-9%), UNI-USD(-3%), OP-USD(+0%)
    loss today: $0.00
[krakenmoon] [PAPER (real account connected)] equity $49.01 (-2.0%)  holding 4/4: NEAR-USD(-4%), ARB-USD(-9%), UNI-USD(-3%), OP-USD(+1%)
    loss today: $0.00
[krakenmoon] [PAPER (real account connected)] equity $49.23 (-1.5%)  holding 4/4: NEAR-USD(-4%), ARB-USD(-9%), UNI-USD(-1%), OP-USD(+1%)
    loss today: $0.00
[krakenmoon] [PAPER (real account connected)] equity $49.38 (-1.2%)  holding 4/4: NEAR-USD(-4%), ARB-USD(-7%), UNI-USD(-1%), OP-USD(+2%)
    loss today: $0.00
[krakenmoon] [PAPER (real account connected)] equity $49.34 (-1.3%)  holding 4/4: NEAR-USD(-4%), ARB-USD(-5%), UNI-USD(-2%), OP-USD(+1%)
    loss today: $0.00
[krakenmoon] [PAPER (real account connected)] equity $49.44 (-1.1%)  holding 4/4: NEAR-USD(-6%), ARB-USD(-5%), UNI-USD(-2%), OP-USD(+3%)
    loss today: $0.00
[krakenmoon] [PAPER (real account connected)] equity $49.08 (-1.8%)  holding 4/4: NEAR-USD(-7%), ARB-USD(-6%), UNI-USD(-2%), OP-USD(+2%)
    loss today: $0.00
[krakenmoon] [PAPER (real account connected)] equity $49.09 (-1.8%)  holding 4/4: NEAR-USD(-7%), ARB-USD(-6%), UNI-USD(-1%), OP-USD(+1%)
    loss today: $0.00
[krakenmoon] [PAPER (real account connected)] equity $49.02 (-2.0%)  holding 4/4: NEAR-USD(-7%), ARB-USD(-7%), UNI-USD(-2%), OP-USD(+1%)
    loss today: $0.00
[krakenmoon] [PAPER (real account connected)] equity $49.33 (-1.3%)  holding 4/4: NEAR-USD(-5%), ARB-USD(-5%), UNI-USD(-2%), OP-USD(+2%)
    loss today: $0.00
[krakenmoon] [PAPER (real account connected)] equity $49.50 (-1.0%)  holding 4/4: NEAR-USD(-5%), ARB-USD(-5%), UNI-USD(-1%), OP-USD(+3%)
    loss today: $0.00
[krakenmoon] [PAPER (real account connected)] equity $49.39 (-1.2%)  holding 4/4: NEAR-USD(-5%), ARB-USD(-5%), UNI-USD(-2%), OP-USD(+2%)
    loss today: $0.00
[krakenmoon] [PAPER (real account connected)] equity $49.37 (-1.3%)  holding 4/4: NEAR-USD(-4%), ARB-USD(-6%), UNI-USD(-2%), OP-USD(+2%)
    loss today: $0.00
[krakenmoon] [PAPER (real account connected)] equity $49.45 (-1.1%)  holding 4/4: NEAR-USD(-4%), ARB-USD(-6%), UNI-USD(-3%), OP-USD(+3%)
    loss today: $0.00
[krakenmoon] [PAPER (real account connected)] equity $49.63 (-0.7%)  holding 4/4: NEAR-USD(-1%), ARB-USD(-7%), UNI-USD(-3%), OP-USD(+3%)
    loss today: $0.00
[krakenmoon] [PAPER (real account connected)] equity $49.26 (-1.5%)  holding 4/4: NEAR-USD(-1%), ARB-USD(-9%), UNI-USD(-4%), OP-USD(+1%)
    loss today: $0.00
[krakenmoon] [PAPER (real account connected)] equity $49.40 (-1.2%)  holding 4/4: NEAR-USD(+1%), ARB-USD(-11%), UNI-USD(-3%), OP-USD(+1%)
    loss today: $0.00
[krakenmoon] [PAPER (real account connected)] equity $50.73 (+1.5%)  holding 4/4: NEAR-USD(+10%), ARB-USD(-8%), UNI-USD(-1%), OP-USD(+4%)
    loss today: $0.00
[krakenmoon] [PAPER (real account connected)] equity $51.22 (+2.4%)  holding 4/4: NEAR-USD(+12%), ARB-USD(-6%), UNI-USD(-2%), OP-USD(+7%)
    loss today: $0.00
[krakenmoon] [PAPER (real account connected)] equity $50.98 (+2.0%)  holding 4/4: NEAR-USD(+9%), ARB-USD(-6%), UNI-USD(-1%), OP-USD(+7%)
    loss today: $0.00
[krakenmoon] [PAPER (real account connected)] equity $50.61 (+1.2%)  holding 4/4: NEAR-USD(+9%), ARB-USD(-7%), UNI-USD(-2%), OP-USD(+4%)
    loss today: $0.00
[krakenmoon] [PAPER (real account connected)] equity $51.04 (+2.1%)  holding 4/4: NEAR-USD(+12%), ARB-USD(-6%), UNI-USD(-3%), OP-USD(+5%)
    loss today: $0.00
[krakenmoon] [PAPER (real account connected)] equity $50.81 (+1.6%)  holding 4/4: NEAR-USD(+11%), ARB-USD(-5%), UNI-USD(-3%), OP-USD(+4%)
    loss today: $0.00
[krakenmoon] [PAPER (real account connected)] equity $51.53 (+3.1%)  holding 4/4: NEAR-USD(+14%), ARB-USD(-1%), UNI-USD(-1%), OP-USD(+5%)
    loss today: $0.00
[krakenmoon] [PAPER (real account connected)] equity $51.00 (+2.0%)  holding 4/4: NEAR-USD(+11%), ARB-USD(-3%), UNI-USD(-2%), OP-USD(+4%)
    loss today: $0.00
[krakenmoon] [PAPER (real account connected)] equity $51.68 (+3.4%)  holding 4/4: NEAR-USD(+15%), ARB-USD(-2%), UNI-USD(-1%), OP-USD(+6%)
    loss today: $0.00
[krakenmoon] [PAPER (real account connected)] equity $51.17 (+2.3%)  holding 4/4: NEAR-USD(+12%), ARB-USD(-3%), UNI-USD(-2%), OP-USD(+5%)
    loss today: $0.00
[krakenmoon] [PAPER (real account connected)] equity $51.07 (+2.1%)  holding 4/4: NEAR-USD(+13%), ARB-USD(-5%), UNI-USD(-2%), OP-USD(+4%)
    loss today: $0.00
[krakenmoon] [PAPER (real account connected)] equity $51.64 (+3.3%)  holding 4/4: NEAR-USD(+17%), ARB-USD(-3%), UNI-USD(-2%), OP-USD(+5%)
    loss today: $0.00
[krakenmoon] [PAPER (real account connected)] equity $51.63 (+3.3%)  holding 4/4: NEAR-USD(+18%), ARB-USD(-3%), UNI-USD(-3%), OP-USD(+6%)
    loss today: $0.00
[krakenmoon] [PAPER (real account connected)] equity $51.65 (+3.3%)  holding 4/4: NEAR-USD(+18%), ARB-USD(-4%), UNI-USD(-2%), OP-USD(+5%)
    loss today: $0.00
[krakenmoon] [PAPER (real account connected)] equity $51.38 (+2.8%)  holding 4/4: NEAR-USD(+15%), ARB-USD(-4%), UNI-USD(-3%), OP-USD(+6%)
    loss today: $0.00
[krakenmoon] [PAPER (real account connected)] equity $51.22 (+2.4%)  holding 4/4: NEAR-USD(+15%), ARB-USD(-5%), UNI-USD(-4%), OP-USD(+5%)
    loss today: $0.00
[krakenmoon] [PAPER (real account connected)] equity $51.58 (+3.2%)  holding 4/4: NEAR-USD(+17%), ARB-USD(-4%), UNI-USD(-2%), OP-USD(+6%)
    loss today: $0.00
[krakenmoon] [PAPER (real account connected)] equity $52.31 (+4.6%)  holding 4/4: NEAR-USD(+17%), ARB-USD(-1%), UNI-USD(+3%), OP-USD(+8%)
    loss today: $0.00
[krakenmoon] [PAPER (real account connected)] equity $51.99 (+4.0%)  holding 4/4: NEAR-USD(+16%), ARB-USD(-0%), UNI-USD(+0%), OP-USD(+7%)
    loss today: $0.00
[krakenmoon] [PAPER (real account connected)] equity $51.94 (+3.9%)  holding 4/4: NEAR-USD(+12%), ARB-USD(+2%), UNI-USD(+0%), OP-USD(+8%)
    loss today: $0.00
[krakenmoon] [PAPER (real account connected)] equity $51.90 (+3.8%)  holding 4/4: NEAR-USD(+13%), ARB-USD(+4%), UNI-USD(-0%), OP-USD(+7%)
    loss today: $0.00
[krakenmoon] [PAPER (real account connected)] equity $52.03 (+4.1%)  holding 4/4: NEAR-USD(+12%), ARB-USD(+7%), UNI-USD(+0%), OP-USD(+7%)
    loss today: $0.00
[krakenmoon] [PAPER (real account connected)] equity $51.77 (+3.5%)  holding 4/4: NEAR-USD(+11%), ARB-USD(+5%), UNI-USD(-0%), OP-USD(+6%)
    loss today: $0.00
[krakenmoon] [PAPER (real account connected)] equity $51.10 (+2.2%)  holding 4/4: NEAR-USD(+8%), ARB-USD(+3%), UNI-USD(-2%), OP-USD(+4%)
    loss today: $0.00
[krakenmoon] [PAPER (real account connected)] equity $51.41 (+2.8%)  holding 4/4: NEAR-USD(+9%), ARB-USD(+2%), UNI-USD(+0%), OP-USD(+5%)
    loss today: $0.00
[krakenmoon] [PAPER (real account connected)] equity $50.96 (+1.9%)  holding 4/4: NEAR-USD(+7%), ARB-USD(+0%), UNI-USD(-0%), OP-USD(+4%)
    loss today: $0.00
[krakenmoon] [PAPER (real account connected)] equity $50.65 (+1.3%)  holding 4/4: NEAR-USD(+7%), ARB-USD(+0%), UNI-USD(-2%), OP-USD(+3%)
    loss today: $0.00
[krakenmoon] [PAPER (real account connected)] equity $51.11 (+2.2%)  holding 4/4: NEAR-USD(+11%), ARB-USD(+2%), UNI-USD(-1%), OP-USD(+3%)
    loss today: $0.00
[krakenmoon] [PAPER (real account connected)] equity $51.28 (+2.6%)  holding 4/4: NEAR-USD(+11%), ARB-USD(+0%), UNI-USD(-1%), OP-USD(+4%)
    loss today: $0.00
[krakenmoon] [PAPER (real account connected)] equity $51.31 (+2.6%)  holding 4/4: NEAR-USD(+12%), ARB-USD(+0%), UNI-USD(-1%), OP-USD(+4%)
    loss today: $0.00
[krakenmoon] [PAPER (real account connected)] equity $51.41 (+2.8%)  holding 4/4: NEAR-USD(+12%), ARB-USD(-1%), UNI-USD(-1%), OP-USD(+5%)
    loss today: $0.00
[krakenmoon] [PAPER (real account connected)] equity $51.99 (+4.0%)  holding 4/4: NEAR-USD(+15%), ARB-USD(+1%), UNI-USD(+1%), OP-USD(+6%)
    loss today: $0.00
[krakenmoon] [PAPER (real account connected)] equity $51.83 (+3.7%)  holding 4/4: NEAR-USD(+14%), ARB-USD(-0%), UNI-USD(+2%), OP-USD(+5%)
    loss today: $0.00
[krakenmoon] [PAPER (real account connected)] equity $51.98 (+4.0%)  holding 4/4: NEAR-USD(+18%), ARB-USD(-1%), UNI-USD(+1%), OP-USD(+4%)
    loss today: $0.00
[krakenmoon] [PAPER (real account connected)] equity $52.41 (+4.8%)  holding 4/4: NEAR-USD(+21%), ARB-USD(-1%), UNI-USD(+3%), OP-USD(+5%)
    loss today: $0.00
[krakenmoon] [PAPER (real account connected)] equity $52.06 (+4.1%)  holding 4/4: NEAR-USD(+19%), ARB-USD(-2%), UNI-USD(+1%), OP-USD(+5%)
    loss today: $0.00
[krakenmoon] [PAPER (real account connected)] equity $51.88 (+3.8%)  holding 4/4: NEAR-USD(+17%), ARB-USD(-2%), UNI-USD(+1%), OP-USD(+6%)
    loss today: $0.00
[krakenmoon] [PAPER (real account connected)] equity $51.49 (+3.0%)  holding 4/4: NEAR-USD(+16%), ARB-USD(-3%), UNI-USD(-1%), OP-USD(+4%)
    loss today: $0.00
[krakenmoon] [PAPER (real account connected)] equity $51.96 (+3.9%)  holding 4/4: NEAR-USD(+19%), ARB-USD(-2%), UNI-USD(-0%), OP-USD(+5%)
    loss today: $0.00
[krakenmoon] [PAPER (real account connected)] equity $51.43 (+2.9%)  holding 4/4: NEAR-USD(+16%), ARB-USD(-3%), UNI-USD(-1%), OP-USD(+3%)
    loss today: $0.00
[krakenmoon] [PAPER (real account connected)] equity $51.60 (+3.2%)  holding 4/4: NEAR-USD(+17%), ARB-USD(-3%), UNI-USD(-0%), OP-USD(+3%)
    loss today: $0.00
[krakenmoon] [PAPER (real account connected)] equity $51.92 (+3.8%)  holding 4/4: NEAR-USD(+22%), ARB-USD(-3%), UNI-USD(-2%), OP-USD(+4%)
    loss today: $0.00
[krakenmoon] [PAPER (real account connected)] equity $51.44 (+2.9%)  holding 4/4: NEAR-USD(+19%), ARB-USD(-3%), UNI-USD(-2%), OP-USD(+2%)
    loss today: $0.00
[krakenmoon] [PAPER (real account connected)] equity $51.68 (+3.4%)  holding 4/4: NEAR-USD(+21%), ARB-USD(-3%), UNI-USD(-2%), OP-USD(+3%)
    loss today: $0.00
[krakenmoon] [PAPER (real account connected)] equity $52.03 (+4.1%)  holding 4/4: NEAR-USD(+24%), ARB-USD(-3%), UNI-USD(-2%), OP-USD(+3%)
    loss today: $0.00
[krakenmoon] [PAPER (real account connected)] equity $52.30 (+4.6%)  holding 4/4: NEAR-USD(+22%), ARB-USD(-3%), UNI-USD(+1%), OP-USD(+5%)
    loss today: $0.00
[krakenmoon] [PAPER (real account connected)] equity $51.76 (+3.5%)  holding 4/4: NEAR-USD(+18%), ARB-USD(-5%), UNI-USD(+0%), OP-USD(+5%)
    loss today: $0.00
[krakenmoon] [PAPER (real account connected)] equity $52.34 (+4.7%)  holding 4/4: NEAR-USD(+19%), ARB-USD(-4%), UNI-USD(+4%), OP-USD(+6%)
    loss today: $0.00
[krakenmoon] [PAPER (real account connected)] equity $52.22 (+4.4%)  holding 4/4: NEAR-USD(+20%), ARB-USD(-5%), UNI-USD(+2%), OP-USD(+7%)
    loss today: $0.00
[krakenmoon] [PAPER (real account connected)] equity $52.35 (+4.7%)  holding 4/4: NEAR-USD(+19%), ARB-USD(-4%), UNI-USD(+3%), OP-USD(+7%)
    loss today: $0.00
[krakenmoon] [PAPER (real account connected)] equity $52.49 (+5.0%)  holding 4/4: NEAR-USD(+18%), ARB-USD(-4%), UNI-USD(+3%), OP-USD(+10%)
    loss today: $0.00
[krakenmoon] [PAPER (real account connected)] equity $52.47 (+4.9%)  holding 4/4: NEAR-USD(+18%), ARB-USD(-3%), UNI-USD(+4%), OP-USD(+8%)
    loss today: $0.00
[krakenmoon] [PAPER (real account connected)] equity $52.33 (+4.7%)  holding 4/4: NEAR-USD(+15%), ARB-USD(-3%), UNI-USD(+4%), OP-USD(+9%)
    loss today: $0.00
[krakenmoon] [PAPER (real account connected)] equity $52.51 (+5.0%)  holding 4/4: NEAR-USD(+16%), ARB-USD(-3%), UNI-USD(+5%), OP-USD(+9%)
    loss today: $0.00
[krakenmoon] [PAPER (real account connected)] equity $53.15 (+6.3%)  holding 4/4: NEAR-USD(+17%), ARB-USD(-2%), UNI-USD(+10%), OP-USD(+10%)
    loss today: $0.00
[krakenmoon] [PAPER (real account connected)] equity $54.21 (+8.4%)  holding 4/4: NEAR-USD(+20%), ARB-USD(+3%), UNI-USD(+13%), OP-USD(+14%)
    loss today: $0.00
[krakenmoon] [PAPER (real account connected)] equity $54.65 (+9.3%)  holding 4/4: NEAR-USD(+18%), ARB-USD(+7%), UNI-USD(+17%), OP-USD(+13%)
    loss today: $0.00
[krakenmoon] [PAPER (real account connected)] equity $54.61 (+9.2%)  holding 4/4: NEAR-USD(+17%), ARB-USD(+8%), UNI-USD(+20%), OP-USD(+11%)
    loss today: $0.00
[krakenmoon] [PAPER (real account connected)] equity $54.44 (+8.9%)  holding 4/4: NEAR-USD(+16%), ARB-USD(+10%), UNI-USD(+18%), OP-USD(+11%)
    loss today: $0.00
[krakenmoon] [PAPER (real account connected)] equity $55.25 (+10.5%)  holding 4/4: NEAR-USD(+17%), ARB-USD(+12%), UNI-USD(+20%), OP-USD(+16%)
    loss today: $0.00
[krakenmoon] [PAPER (real account connected)] equity $54.92 (+9.8%)  holding 4/4: NEAR-USD(+18%), ARB-USD(+9%), UNI-USD(+18%), OP-USD(+14%)
    loss today: $0.00
[krakenmoon] [PAPER (real account connected)] equity $55.19 (+10.4%)  holding 4/4: NEAR-USD(+22%), ARB-USD(+10%), UNI-USD(+18%), OP-USD(+13%)
    loss today: $0.00
